\BOOKMARK [0][-]{chapter.1}{\376\377\000G\000i\036\333\000i\000\040\000t\000h\000i\036\307\000u}{}% 1
\BOOKMARK [1][-]{section.1.1}{\376\377\000B\036\321\000i\000\040\000c\036\243\000n\000h\000\040\000v\000\340\000\040\001\021\036\331\000n\000g\000\040\000c\001\241}{chapter.1}% 2
\BOOKMARK [1][-]{section.1.2}{\376\377\001\020\036\313\000n\000h\000\040\000v\036\313\000\040\001\021\036\301\000\040\000t\000\340\000i\000\040\040\024\000\040\000h\000a\000i\000\040\000h\001\260\036\333\000n\000g\000\040\000t\000i\036\277\000p\000\040\000c\036\255\000n}{chapter.1}% 3
\BOOKMARK [1][-]{section.1.3}{\376\377\000C\000\342\000u\000\040\000h\036\317\000i\000\040\000n\000g\000h\000i\000\352\000n\000\040\000c\036\351\000u}{chapter.1}% 4
\BOOKMARK [1][-]{section.1.4}{\376\377\001\020\000\363\000n\000g\000\040\000g\000\363\000p}{chapter.1}% 5
\BOOKMARK [0][-]{chapter.2}{\376\377\000C\001\241\000\040\000s\036\337\000\040\000l\000\375\000\040\000t\000h\000u\000y\036\277\000t}{}% 6
\BOOKMARK [1][-]{section.2.1}{\376\377\000B\000\340\000i\000\040\000t\000o\000\341\000n\000\040\000p\000h\000\341\000t\000\040\000h\000i\036\307\000n\000\040\001\021\036\321\000i\000\040\000t\001\260\036\343\000n\000g\000\040\000v\000\340\000\040\000c\000h\036\311\000\040\000s\036\321\000\040\001\021\000\341\000n\000h\000\040\000g\000i\000\341}{chapter.2}% 7
\BOOKMARK [1][-]{section.2.2}{\376\377\000Y\000O\000L\000O\000v\0008\000\040\000n\000h\001\260\000\040\000m\036\331\000t\000\040\000c\000\364\000n\000g\000\040\000c\036\345\000\040\001\021\000o}{chapter.2}% 8
\BOOKMARK [1][-]{section.2.3}{\376\377\000R\000\362\000\040\000r\036\311\000\040\000d\036\357\000\040\000l\000i\036\307\000u\000\040\000v\000\340\000\040\000t\000r\000\371\000n\000g\000\040\000l\036\267\000p}{chapter.2}% 9
\BOOKMARK [1][-]{section.2.4}{\376\377\001\020\000o\000\040\000m\036\245\000t\000\040\000c\000\342\000n\000\040\000b\036\261\000n\000g\000\040\000l\036\333\000p}{chapter.2}% 10
\BOOKMARK [1][-]{section.2.5}{\376\377\000K\000i\036\303\000m\000\040\001\021\036\313\000n\000h\000\040\000t\000h\036\321\000n\000g\000\040\000k\000\352\000\040\000s\036\355\000\040\000d\036\345\000n\000g}{chapter.2}% 11
\BOOKMARK [1][-]{section.2.6}{\376\377\001\020\036\313\000n\000h\000\040\000n\000g\000h\001\051\000a\000\040\000k\000\355\000c\000h\000\040\000t\000h\001\260\036\333\000c\000\040\000v\036\255\000t\000\040\000t\000h\036\303}{chapter.2}% 12
\BOOKMARK [0][-]{chapter.3}{\376\377\000D\036\357\000\040\000l\000i\036\307\000u\000\040\000v\000\340\000\040\000p\000h\001\260\001\241\000n\000g\000\040\000p\000h\000\341\000p}{}% 13
\BOOKMARK [1][-]{section.3.1}{\376\377\000B\036\331\000\040\000d\036\357\000\040\000l\000i\036\307\000u\000\040\000p\000k\000d\000a\000r\000a\000b\000i\000/\000c\000a\000r\000d\000e\000t\000e\000c\000t\000i\000o\000n}{chapter.3}% 14
\BOOKMARK [2][-]{subsection.3.1.1}{\376\377\000H\036\241\000n\000\040\000c\000h\036\277\000\040\000v\036\301\000\040\000t\000\355\000n\000h\000\040\001\021\036\241\000i\000\040\000d\000i\036\307\000n}{section.3.1}% 15
\BOOKMARK [1][-]{section.3.2}{\376\377\000C\000\364\000n\000g\000\040\000c\036\345\000\040\001\021\000o\000\040\040\024\000\040\000Y\000O\000L\000O\000v\0008\000s\000\040\000h\000u\036\245\000n\000\040\000l\000u\000y\036\307\000n\000\040\000h\001\260\036\333\000n\000g\000-\000E\000D\000A}{chapter.3}% 16
\BOOKMARK [1][-]{section.3.3}{\376\377\000P\000h\001\260\001\241\000n\000g\000\040\000p\000h\000\341\000p\000\040\000p\000h\000\342\000n\000\040\000t\000\355\000c\000h\000\040\000t\000h\036\351\000\040\000c\036\245\000p}{chapter.3}% 17
\BOOKMARK [1][-]{section.3.4}{\376\377\000C\000h\036\311\000\040\000s\036\321\000\040\000v\000\340\000\040\000k\000i\036\303\000m\000\040\001\021\036\313\000n\000h}{chapter.3}% 18
\BOOKMARK [0][-]{chapter.4}{\376\377\000K\036\277\000t\000\040\000q\000u\036\243\000\040\000k\000i\036\303\000m\000\040\001\021\036\313\000n\000h}{}% 19
\BOOKMARK [1][-]{section.4.1}{\376\377\000H\000i\036\307\000u\000\040\000n\001\003\000n\000g\000\040\000t\036\325\000n\000g\000\040\000t\000h\036\303}{chapter.4}% 20
\BOOKMARK [1][-]{section.4.2}{\376\377\000C\000H\000-\000A\000\040\040\024\000\040\000R\000\362\000\040\000r\036\311\000\040\000d\036\357\000\040\000l\000i\036\307\000u}{chapter.4}% 21
\BOOKMARK [1][-]{section.4.3}{\376\377\000C\000H\000-\000B\000\040\040\024\000\040\000K\000h\000o\036\243\000n\000g\000\040\000c\000\341\000c\000h\000\040\001\021\000\350\000n\000\040\000t\000\355\000n\000\040\000h\000i\036\307\000u\000\040\000v\000\340\000\040\000b\000i\036\303\000n\000\040\000b\000\341\000o}{chapter.4}% 22
\BOOKMARK [1][-]{section.4.4}{\376\377\000C\000H\000-\000C\000\040\040\024\000\040\000H\000i\036\277\000m\000\040\000k\000h\000\364\000n\000g\000\040\001\021\036\323\000n\000g\000\040\000n\000g\000h\001\051\000a\000\040\000v\036\333\000i\000\040\000k\000h\000\363}{chapter.4}% 23
\BOOKMARK [1][-]{section.4.5}{\376\377\000M\036\245\000t\000\040\000c\000\342\000n\000\040\000b\036\261\000n\000g\000\040\000v\000\340\000\040\000k\000\355\000c\000h\000\040\000t\000h\001\260\036\333\000c\000\040\040\024\000\040\000b\036\321\000i\000\040\000c\036\243\000n\000h}{chapter.4}% 24
\BOOKMARK [0][-]{chapter.5}{\376\377\000T\036\325\000n\000g\000\040\000k\036\277\000t}{}% 25
\BOOKMARK [1][-]{section.5.1}{\376\377\000T\036\325\000n\000g\000\040\000h\036\343\000p\000\040\000p\000h\000\341\000t\000\040\000h\000i\036\307\000n}{chapter.5}% 26
\BOOKMARK [1][-]{section.5.2}{\376\377\000K\000h\000u\000y\036\277\000n\000\040\000n\000g\000h\036\313}{chapter.5}% 27
\BOOKMARK [1][-]{section.5.3}{\376\377\000H\036\241\000n\000\040\000c\000h\036\277}{chapter.5}% 28
\BOOKMARK [1][-]{section.5.4}{\376\377\000S\036\243\000n\000\040\000p\000h\036\251\000m\000\040\000k\000\350\000m\000\040\000t\000h\000e\000o}{chapter.5}% 29
\BOOKMARK [0][-]{section*.12}{\376\377\000T\000\300\000I\000\040\000L\000I\036\306\000U\000\040\000T\000H\000A\000M\000\040\000K\000H\036\242\000O}{}% 30
\BOOKMARK [0][-]{section*.12}{\376\377\000P\000H\036\344\000\040\000L\036\344\000C}{}% 31
\BOOKMARK [1][-]{section*.13}{\376\377\000P\000h\036\345\000\040\000l\036\345\000c\000\040\000A\000:\000\040\000M\000\343\000\040\000n\000g\000u\036\323\000n\000\040\000\050\000G\000i\000t\000H\000u\000b\000\051}{section*.12}% 32
\BOOKMARK [1][-]{section*.13}{\376\377\000P\000h\036\345\000\040\000l\036\345\000c\000\040\000B\000:\000\040\000B\036\331\000\040\000d\036\357\000\040\000l\000i\036\307\000u}{section*.12}% 33
\BOOKMARK [1][-]{section*.13}{\376\377\000P\000h\036\345\000\040\000l\036\345\000c\000\040\000C\000:\000\040\000H\001\260\036\333\000n\000g\000\040\000d\036\253\000n\000\040\000t\000\341\000i\000\040\000l\036\255\000p}{section*.12}% 34
